
> tiny-movie-catalog@1.0.0 start
> ng serve

Component HMR has been enabled, see https://angular.dev/hmr for more info.
❯ Building...
✔ Building...
Initial chunk files | Names         |  Raw size
main.js             | main          | 150.79 kB | 
polyfills.js        | polyfills     |  89.77 kB | 
styles.css          | styles        |   2.52 kB | 

                    | Initial total | 243.07 kB

Application bundle generation complete. [2.164 seconds]

Watch mode enabled. Watching for file changes...
NOTE: Raw file sizes do not reflect development server per-request transformations.
  ➜  Local:   http://localhost:4200/
❯ Changes detected. Rebuilding...
✔ Changes detected. Rebuilding...

No output file changes.

Application bundle generation complete. [0.015 seconds]

❯ Changes detected. Rebuilding...
✔ Changes detected. Rebuilding...
Initial chunk files | Names |  Raw size
main.js             | main  | 150.82 kB | 

Application bundle generation complete. [0.449 seconds]

Page reload sent to client(s).
❯ Changes detected. Rebuilding...
✔ Changes detected. Rebuilding...
Initial chunk files | Names |  Raw size
main.js             | main  | 150.84 kB | 

Application bundle generation complete. [0.096 seconds]

Page reload sent to client(s).
❯ Changes detected. Rebuilding...
✔ Changes detected. Rebuilding...
Initial chunk files | Names         |  Raw size
main.js             | main          | 150.84 kB | 
polyfills.js        | polyfills     |  89.77 kB | 
styles.css          | styles        |   2.52 kB | 

                    | Initial total | 243.12 kB

Application bundle generation complete. [0.237 seconds]

Component update sent to client(s).
❯ Changes detected. Rebuilding...
✔ Changes detected. Rebuilding...

No output file changes.

Application bundle generation complete. [0.005 seconds]

Page reload sent to client(s).
❯ Changes detected. Rebuilding...
✔ Changes detected. Rebuilding...
Initial chunk files | Names |  Raw size
main.js             | main  | 150.85 kB | 

Application bundle generation complete. [0.255 seconds]

Component update sent to client(s).
